// Jest Snapshot v1, https://goo.gl/fbAQLP

exports[`New password form renders new password form 1`] = `
<div
  id="main-registration-container"
>
  <div
    id="register"
  >
    <h3>
      Enter New Password
    </h3>
    <form
      onSubmit={[Function]}
    >
      <p
        className="errorMsg"
      />
      <label />
      <input
        name="new_password"
        type="password"
      />
      <input
        className="button"
        type="submit"
        value="Submit"
      />
    </form>
  </div>
</div>
`;
